Microchip MPLAB XC8 Compiler V2.10 ()

Linker command line:

-W-3 --edf=C:\Program Files (x86)\Microchip\xc8\v2.10\pic\dat\en_msgs.txt \
  -cs -h+dist/default/production\pic1786_buzzer.X.production.sym \
  --cmf=dist/default/production\pic1786_buzzer.X.production.cmf -z \
  -Q16F1786 -oC:\Users\Zhiyu\AppData\Local\Temp\sdic.2 \
  --defsym=__MPLAB_BUILD=1 \
  -Mdist/default/production/pic1786_buzzer.X.production.map -E1 -ver=XC8 \
  --acfsm=1493 -ASTACK=0201Ah-023EFh -pstack=STACK -ACODE=00h-07FFhx4 \
  -ASTRCODE=00h-01FFFh -ASTRING=00h-0FFhx32 -ACONST=00h-0FFhx32 \
  -AENTRY=00h-0FFhx32 -ACOMMON=070h-07Fh -ABANK0=020h-06Fh \
  -ABANK1=0A0h-0EFh -ABANK2=0120h-016Fh -ABANK3=01A0h-01EFh \
  -ABANK4=0220h-026Fh -ABANK5=02A0h-02EFh -ABANK6=0320h-036Fh \
  -ABANK7=03A0h-03EFh -ABANK8=0420h-046Fh -ABANK9=04A0h-04EFh \
  -ABANK10=0520h-056Fh -ABANK11=05A0h-05EFh -ABANK12=0620h-064Fh \
  -ABIGRAM=02000h-023EFh \
  -ARAM=020h-06Fh,0A0h-0EFh,0120h-016Fh,01A0h-01EFh,0220h-026Fh,02A0h-02EFh,0320h-036Fh,03A0h-03EFh,0420h-046Fh,04A0h-04EFh,0520h-056Fh,05A0h-05EFh,0620h-064Fh \
  -AABS1=020h-07Fh,0A0h-0EFh,0120h-016Fh,01A0h-01EFh,0220h-026Fh,02A0h-02EFh,0320h-036Fh,03A0h-03EFh,0420h-046Fh,04A0h-04EFh,0520h-056Fh,05A0h-05EFh,0620h-064Fh \
  -ASFR0=00h-01Fh -ASFR1=080h-09Fh -ASFR2=0100h-011Fh -ASFR3=0180h-019Fh \
  -ASFR4=0200h-021Fh -ASFR5=0280h-029Fh -ASFR6=0300h-031Fh \
  -ASFR7=0380h-039Fh -ASFR8=0400h-041Fh -ASFR9=0480h-049Fh \
  -ASFR10=0500h-051Fh -ASFR11=0580h-059Fh -ASFR12=0600h-061Fh \
  -ASFR13=0680h-06EFh -ASFR14=0700h-076Fh -ASFR15=0780h-07EFh \
  -ASFR16=0800h-086Fh -ASFR17=0880h-08EFh -ASFR18=0900h-096Fh \
  -ASFR19=0980h-09EFh -ASFR20=0A00h-0A6Fh -ASFR21=0A80h-0AEFh \
  -ASFR22=0B00h-0B6Fh -ASFR23=0B80h-0BEFh -ASFR24=0C00h-0C6Fh \
  -ASFR25=0C80h-0CEFh -ASFR26=0D00h-0D6Fh -ASFR27=0D80h-0DEFh \
  -ASFR28=0E00h-0E6Fh -ASFR29=0E80h-0EEFh -ASFR30=0F00h-0F6Fh \
  -ASFR31=0F80h-0FEFh -preset_vec=00h,intentry=04h,init,end_init \
  -ppowerup=CODE -pcinit=CODE -pfunctab=ENTRY -ACONFIG=08007h-08008h \
  -pconfig=CONFIG -DCONFIG=2 -AIDLOC=08000h-08003h -pidloc=IDLOC -DIDLOC=2 \
  -AEEDATA=00h-0FFh/0F000h -peeprom_data=EEDATA -DEEDATA=2 -DCODE=2 \
  -DSTRCODE=2 -DSTRING=2 -DCONST=2 -DENTRY=2 -k \
  C:\Users\Zhiyu\AppData\Local\Temp\sdic.o \
  dist/default/production\pic1786_buzzer.X.production.o 

Object code version is 3.11

Machine type is 16F1786



                Name                               Link     Load   Length Selector   Space Scale
C:\Users\Zhiyu\AppData\Local\Temp\sdic.o
                end_init                             39       39        2        8       0
                reset_vec                             0        0        2        0       0
dist/default/production\pic1786_buzzer.X.production.o
                cinit                                3B       3B       1C        8       0
                intentry                              4        4       35        8       0
                text9                               144      144       1C        8       0
                text8                                57       57       51        8       0
                text7                               11B      11B       29        8       0
                text6                                E7       E7       34        8       0
                text5                                A8       A8       3F        8       0
                text3                               19C      19C        8        8       0
                text2                               18D      18D        F        8       0
                text1                               1AA      1AA        3        8       0
                maintext                            160      160       19        8       0
                cstackCOMMON                         70       70        A       70       1
                inittext                            1A4      1A4        6        8       0
                dataBANK0                            20       20       14       20       1
                bssBANK0                             34       34        6       20       1
                dataCOMMON                           7C       7C        1       70       1
                bssCOMMON                            7A       7A        2       70       1
                idataBANK0                          179      179       14        8       0
                idataCOMMON                         1AD      1AD        1        8       0

TOTAL           Name                               Link     Load   Length     Space
        CLASS   STACK          

        CLASS   CODE           
                end_init                             39       39        2         0
                cinit                                3B       3B       1C         0
                intentry                              4        4       35         0
                reset_vec                             0        0        2         0
                text9                               144      144       1C         0
                text8                                57       57       51         0
                text7                               11B      11B       29         0
                text6                                E7       E7       34         0
                text5                                A8       A8       3F         0
                text3                               19C      19C        8         0
                text2                               18D      18D        F         0
                text1                               1AA      1AA        3         0
                maintext                            160      160       19         0
                inittext                            1A4      1A4        6         0
                idataBANK0                          179      179       14         0
                idataCOMMON                         1AD      1AD        1         0

        CLASS   STRCODE        

        CLASS   STRING         

        CLASS   CONST          

        CLASS   ENTRY          

        CLASS   COMMON         
                cstackCOMMON                         70       70        A         1
                dataCOMMON                           7C       7C        1         1
                bssCOMMON                            7A       7A        2         1

        CLASS   BANK0          
                dataBANK0                            20       20       14         1
                bssBANK0                             34       34        6         1

        CLASS   BANK1          

        CLASS   BANK2          

        CLASS   BANK3          

        CLASS   BANK4          

        CLASS   BANK5          

        CLASS   BANK6          

        CLASS   BANK7          

        CLASS   BANK8          

        CLASS   BANK9          

        CLASS   BANK10         

        CLASS   BANK11         

        CLASS   BANK12         

        CLASS   BIGRAM         

        CLASS   RAM            

        CLASS   ABS1           
                abs_s1                               7E       7E        2         1

        CLASS   SFR0           

        CLASS   SFR1           

        CLASS   SFR2           

        CLASS   SFR3           

        CLASS   SFR4           

        CLASS   SFR5           

        CLASS   SFR6           

        CLASS   SFR7           

        CLASS   SFR8           

        CLASS   SFR9           

        CLASS   SFR10          

        CLASS   SFR11          

        CLASS   SFR12          

        CLASS   SFR13          

        CLASS   SFR14          

        CLASS   SFR15          

        CLASS   SFR16          

        CLASS   SFR17          

        CLASS   SFR18          

        CLASS   SFR19          

        CLASS   SFR20          

        CLASS   SFR21          

        CLASS   SFR22          

        CLASS   SFR23          

        CLASS   SFR24          

        CLASS   SFR25          

        CLASS   SFR26          

        CLASS   SFR27          

        CLASS   SFR28          

        CLASS   SFR29          

        CLASS   SFR30          

        CLASS   SFR31          

        CLASS   CONFIG         

        CLASS   IDLOC          

        CLASS   EEDATA         

        CLASS   BANK31         

        CLASS   BANK30         

        CLASS   BANK29         

        CLASS   BANK28         

        CLASS   BANK27         

        CLASS   BANK26         

        CLASS   BANK25         

        CLASS   BANK24         

        CLASS   BANK23         

        CLASS   BANK22         

        CLASS   BANK21         

        CLASS   BANK20         

        CLASS   BANK19         

        CLASS   BANK18         

        CLASS   BANK17         

        CLASS   BANK16         

        CLASS   BANK15         

        CLASS   BANK14         

        CLASS   BANK13         



SEGMENTS        Name                           Load    Length   Top    Selector   Space  Class     Delta

                reset_vec                      000000  000002  000002         0       0  CODE        2
                intentry                       000004  0001AA  0001AE         8       0  CODE        2
                dataBANK0                      000020  00001A  00003A        20       1  BANK0       1
                cstackCOMMON                   000070  00000D  00007D        70       1  COMMON      1


UNUSED ADDRESS RANGES

        Name                Unused          Largest block    Delta
        BANK0            003A-006F             36           1
        BANK1            00A0-00EF             50           1
        BANK10           0520-056F             50           1
        BANK11           05A0-05EF             50           1
        BANK12           0620-064F             30           1
        BANK2            0120-016F             50           1
        BANK3            01A0-01EF             50           1
        BANK4            0220-026F             50           1
        BANK5            02A0-02EF             50           1
        BANK6            0320-036F             50           1
        BANK7            03A0-03EF             50           1
        BANK8            0420-046F             50           1
        BANK9            04A0-04EF             50           1
        BIGRAM           2000-23EF            3F0           1
        CODE             0002-0003              2           2
                         01AE-1FFF            800
        COMMON           007D-007D              1           1
        CONFIG           8007-8008              2           2
        CONST            0002-0003              2           2
                         01AE-1FFF            100
        EEDATA           F000-F0FF            100           2
        ENTRY            0002-0003              2           2
                         01AE-1FFF            100
        IDLOC            8000-8003              4           2
        RAM              003A-006F             36           1
                         00A0-00EF             50
                         0120-016F             50
                         01A0-01EF             50
                         0220-026F             50
                         02A0-02EF             50
                         0320-036F             50
                         03A0-03EF             50
                         0420-046F             50
                         04A0-04EF             50
                         0520-056F             50
                         05A0-05EF             50
                         0620-064F             30
        SFR0             0000-001F             20           1
        SFR1             0080-009F             20           1
        SFR10            0500-051F             20           1
        SFR11            0580-059F             20           1
        SFR12            0600-061F             20           1
        SFR13            0680-06EF             70           1
        SFR14            0700-076F             70           1
        SFR15            0780-07EF             70           1
        SFR16            0800-086F             70           1
        SFR17            0880-08EF             70           1
        SFR18            0900-096F             70           1
        SFR19            0980-09EF             70           1
        SFR2             0100-011F             20           1
        SFR20            0A00-0A6F             70           1
        SFR21            0A80-0AEF             70           1
        SFR22            0B00-0B6F             70           1
        SFR23            0B80-0BEF             70           1
        SFR24            0C00-0C6F             70           1
        SFR25            0C80-0CEF             70           1
        SFR26            0D00-0D6F             70           1
        SFR27            0D80-0DEF             70           1
        SFR28            0E00-0E6F             70           1
        SFR29            0E80-0EEF             70           1
        SFR3             0180-019F             20           1
        SFR30            0F00-0F6F             70           1
        SFR31            0F80-0FEF             70           1
        SFR4             0200-021F             20           1
        SFR5             0280-029F             20           1
        SFR6             0300-031F             20           1
        SFR7             0380-039F             20           1
        SFR8             0400-041F             20           1
        SFR9             0480-049F             20           1
        STACK            201A-23EF            3D6           1
        STRCODE          0002-0003              2           2
                         01AE-1FFF           1E52
        STRING           0002-0003              2           2
                         01AE-1FFF            100

                                  Symbol Table

?___lwmod                          cstackCOMMON 0070
_ANSELA                            (abs)        018C
_ANSELB                            (abs)        018D
_Enable_INT                        text3        019C
_GIE                               (abs)        005F
_IICAddr                           bssCOMMON    007A
_INTCONbits                        (abs)        000B
_Init                              text2        018D
_LATA                              (abs)        010C
_LATB                              (abs)        010D
_LATBbits                          (abs)        010D
_LATC                              (abs)        010E
_OPTION_REGbits                    (abs)        0095
_OSCCON                            (abs)        0099
_OSCCONbits                        (abs)        0099
_PEIE                              (abs)        005E
_PIE1                              (abs)        0091
_PIE1bits                          (abs)        0091
_PIR1                              (abs)        0011
_PIR1bits                          (abs)        0011
_PORTA                             (abs)        000C
_PORTB                             (abs)        000D
_PORTC                             (abs)        000E
_Pull_Up                           text1        01AA
_SSP1BUF                           (abs)        0211
_SSPADD                            (abs)        0212
_SSPCON1                           (abs)        0215
_SSPCON1bits                       (abs)        0215
_SSPCON2bits                       (abs)        0216
_SSPCONbits                        (abs)        0215
_SSPSTAT                           (abs)        0214
_SSPSTATbits                       (abs)        0214
_T1CON                             (abs)        0018
_T1CONbits                         (abs)        0018
_TMR1H                             (abs)        0017
_TMR1L                             (abs)        0016
_TMR2                              (abs)        001A
_TRISA                             (abs)        008C
_TRISB                             (abs)        008D
_TRISC                             (abs)        008E
_TRISCbits                         (abs)        008E
__Habs1                            abs1         0000
__Hbank0                           bank0        0000
__Hbank1                           bank1        0000
__Hbank10                          bank10       0000
__Hbank11                          bank11       0000
__Hbank12                          bank12       0000
__Hbank13                          bank13       0000
__Hbank14                          bank14       0000
__Hbank15                          bank15       0000
__Hbank16                          bank16       0000
__Hbank17                          bank17       0000
__Hbank18                          bank18       0000
__Hbank19                          bank19       0000
__Hbank2                           bank2        0000
__Hbank20                          bank20       0000
__Hbank21                          bank21       0000
__Hbank22                          bank22       0000
__Hbank23                          bank23       0000
__Hbank24                          bank24       0000
__Hbank25                          bank25       0000
__Hbank26                          bank26       0000
__Hbank27                          bank27       0000
__Hbank28                          bank28       0000
__Hbank29                          bank29       0000
__Hbank3                           bank3        0000
__Hbank30                          bank30       0000
__Hbank31                          bank31       0000
__Hbank4                           bank4        0000
__Hbank5                           bank5        0000
__Hbank6                           bank6        0000
__Hbank7                           bank7        0000
__Hbank8                           bank8        0000
__Hbank9                           bank9        0000
__Hbigram                          bigram       0000
__HbssBANK0                        bssBANK0     0000
__HbssCOMMON                       bssCOMMON    0000
__Hcinit                           cinit        0057
__Hclrtext                         clrtext      0000
__Hcode                            code         0000
__Hcommon                          common       0000
__Hconfig                          config       0000
__HcstackBANK0                     cstackBANK0  0000
__HcstackCOMMON                    cstackCOMMON 0000
__HdataBANK0                       dataBANK0    0000
__HdataCOMMON                      dataCOMMON   0000
__Heeprom_data                     eeprom_data  0000
__Hend_init                        end_init     003B
__Hfunctab                         functab      0000
__HidataBANK0                      idataBANK0   0000
__HidataCOMMON                     idataCOMMON  0000
__Hidloc                           idloc        0000
__Hinit                            init         0039
__Hinittext                        inittext     0000
__Hintentry                        intentry     0039
__Hmaintext                        maintext     0000
__Hpowerup                         powerup      0000
__Hram                             ram          0000
__Hreset_vec                       reset_vec    0002
__Hsfr0                            sfr0         0000
__Hsfr1                            sfr1         0000
__Hsfr10                           sfr10        0000
__Hsfr11                           sfr11        0000
__Hsfr12                           sfr12        0000
__Hsfr13                           sfr13        0000
__Hsfr14                           sfr14        0000
__Hsfr15                           sfr15        0000
__Hsfr16                           sfr16        0000
__Hsfr17                           sfr17        0000
__Hsfr18                           sfr18        0000
__Hsfr19                           sfr19        0000
__Hsfr2                            sfr2         0000
__Hsfr20                           sfr20        0000
__Hsfr21                           sfr21        0000
__Hsfr22                           sfr22        0000
__Hsfr23                           sfr23        0000
__Hsfr24                           sfr24        0000
__Hsfr25                           sfr25        0000
__Hsfr26                           sfr26        0000
__Hsfr27                           sfr27        0000
__Hsfr28                           sfr28        0000
__Hsfr29                           sfr29        0000
__Hsfr3                            sfr3         0000
__Hsfr30                           sfr30        0000
__Hsfr31                           sfr31        0000
__Hsfr4                            sfr4         0000
__Hsfr5                            sfr5         0000
__Hsfr6                            sfr6         0000
__Hsfr7                            sfr7         0000
__Hsfr8                            sfr8         0000
__Hsfr9                            sfr9         0000
__Hspace_0                         (abs)        01AE
__Hspace_1                         (abs)        007D
__Hspace_2                         (abs)        0000
__Hspace_3                         (abs)        0000
__Hstack                           stack        0000
__Hstrings                         strings      0000
__Htext                            text         0000
__Labs1                            abs1         0000
__Lbank0                           bank0        0000
__Lbank1                           bank1        0000
__Lbank10                          bank10       0000
__Lbank11                          bank11       0000
__Lbank12                          bank12       0000
__Lbank13                          bank13       0000
__Lbank14                          bank14       0000
__Lbank15                          bank15       0000
__Lbank16                          bank16       0000
__Lbank17                          bank17       0000
__Lbank18                          bank18       0000
__Lbank19                          bank19       0000
__Lbank2                           bank2        0000
__Lbank20                          bank20       0000
__Lbank21                          bank21       0000
__Lbank22                          bank22       0000
__Lbank23                          bank23       0000
__Lbank24                          bank24       0000
__Lbank25                          bank25       0000
__Lbank26                          bank26       0000
__Lbank27                          bank27       0000
__Lbank28                          bank28       0000
__Lbank29                          bank29       0000
__Lbank3                           bank3        0000
__Lbank30                          bank30       0000
__Lbank31                          bank31       0000
__Lbank4                           bank4        0000
__Lbank5                           bank5        0000
__Lbank6                           bank6        0000
__Lbank7                           bank7        0000
__Lbank8                           bank8        0000
__Lbank9                           bank9        0000
__Lbigram                          bigram       0000
__LbssBANK0                        bssBANK0     0000
__LbssCOMMON                       bssCOMMON    0000
__Lcinit                           cinit        003B
__Lclrtext                         clrtext      0000
__Lcode                            code         0000
__Lcommon                          common       0000
__Lconfig                          config       0000
__LcstackBANK0                     cstackBANK0  0000
__LcstackCOMMON                    cstackCOMMON 0000
__LdataBANK0                       dataBANK0    0000
__LdataCOMMON                      dataCOMMON   0000
__Leeprom_data                     eeprom_data  0000
__Lend_init                        end_init     0039
__Lfunctab                         functab      0000
__LidataBANK0                      idataBANK0   0000
__LidataCOMMON                     idataCOMMON  0000
__Lidloc                           idloc        0000
__Linit                            init         0039
__Linittext                        inittext     0000
__Lintentry                        intentry     0004
__Lmaintext                        maintext     0000
__Lpowerup                         powerup      0000
__Lram                             ram          0000
__Lreset_vec                       reset_vec    0000
__Lsfr0                            sfr0         0000
__Lsfr1                            sfr1         0000
__Lsfr10                           sfr10        0000
__Lsfr11                           sfr11        0000
__Lsfr12                           sfr12        0000
__Lsfr13                           sfr13        0000
__Lsfr14                           sfr14        0000
__Lsfr15                           sfr15        0000
__Lsfr16                           sfr16        0000
__Lsfr17                           sfr17        0000
__Lsfr18                           sfr18        0000
__Lsfr19                           sfr19        0000
__Lsfr2                            sfr2         0000
__Lsfr20                           sfr20        0000
__Lsfr21                           sfr21        0000
__Lsfr22                           sfr22        0000
__Lsfr23                           sfr23        0000
__Lsfr24                           sfr24        0000
__Lsfr25                           sfr25        0000
__Lsfr26                           sfr26        0000
__Lsfr27                           sfr27        0000
__Lsfr28                           sfr28        0000
__Lsfr29                           sfr29        0000
__Lsfr3                            sfr3         0000
__Lsfr30                           sfr30        0000
__Lsfr31                           sfr31        0000
__Lsfr4                            sfr4         0000
__Lsfr5                            sfr5         0000
__Lsfr6                            sfr6         0000
__Lsfr7                            sfr7         0000
__Lsfr8                            sfr8         0000
__Lsfr9                            sfr9         0000
__Lspace_0                         (abs)        0000
__Lspace_1                         (abs)        0000
__Lspace_2                         (abs)        0000
__Lspace_3                         (abs)        0000
__Lstack                           stack        0000
__Lstrings                         strings      0000
__Ltext                            text         0000
__S0                               (abs)        01AE
__S1                               (abs)        007D
__S2                               (abs)        0000
__S3                               (abs)        0000
___int_sp                          stack        0000
___latbits                         (abs)        0002
___lwmod                           text6        00E7
___lwmod@counter                   cstackCOMMON 0075
___lwmod@dividend                  cstackCOMMON 0072
___lwmod@divisor                   cstackCOMMON 0070
___sp                              stack        0000
___stackhi                         (abs)        23EF
___stacklo                         (abs)        201A
__end_of_Enable_INT                text3        01A4
__end_of_Init                      text2        019C
__end_of_Pull_Up                   text1        01AD
__end_of___lwmod                   text6        011B
__end_of__initialization           cinit        0053
__end_of_i2c_isr                   text7        0144
__end_of_iicPeripheralInterruptRx  text9        0160
__end_of_iicPeripheralInterruptTx  text8        00A8
__end_of_irs_routine               intentry     0039
__end_of_main                      maintext     0179
__end_of_sound                     text5        00E7
__initialization                   cinit        003B
__pbssBANK0                        bssBANK0     0034
__pbssCOMMON                       bssCOMMON    007A
__pcstackBANK0                     cstackBANK0  0000
__pcstackCOMMON                    cstackCOMMON 0070
__pdataBANK0                       dataBANK0    0020
__pdataCOMMON                      dataCOMMON   007C
__pidataBANK0                      idataBANK0   0179
__pidataCOMMON                     idataCOMMON  01AD
__pintentry                        intentry     0004
__pmaintext                        maintext     0160
__ptext1                           text1        01AA
__ptext2                           text2        018D
__ptext3                           text3        019C
__ptext5                           text5        00A8
__ptext6                           text6        00E7
__ptext7                           text7        011B
__ptext8                           text8        0057
__ptext9                           text9        0144
__size_of_Enable_INT               (abs)        0000
__size_of_Init                     (abs)        0000
__size_of_Pull_Up                  (abs)        0000
__size_of___lwmod                  (abs)        0000
__size_of_i2c_isr                  (abs)        0000
__size_of_iicPeripheralInterruptRx (abs)        0000
__size_of_iicPeripheralInterruptTx (abs)        0000
__size_of_irs_routine              (abs)        0000
__size_of_main                     (abs)        0000
__size_of_sound                    (abs)        0000
_cnt_1                             bssBANK0     0038
_cnt_2                             bssBANK0     0036
_count                             dataCOMMON   007C
_i2c_isr                           text7        011B
_idx                               bssBANK0     0034
_iicPeripheralInterruptRx          text9        0144
_iicPeripheralInterruptTx          text8        0057
_irs_routine                       intentry     0004
_main                              maintext     0160
_recvData                          bssCOMMON    007B
_sound                             text5        00A8
_voice                             dataBANK0    0020
btemp                              (abs)        007E
end_of_initialization              cinit        0053
iicPeripheralInterruptRx@data      cstackCOMMON 0072
iicPeripheralInterruptTx@data      cstackCOMMON 0070
iicPeripheralInterruptTx@i         cstackCOMMON 0077
iicPeripheralInterruptTx@size      cstackCOMMON 0072
init_ram                           inittext     01A4
int$flags                          (abs)        007E
intlevel0                          functab      0000
intlevel1                          functab      0000
intlevel2                          functab      0000
intlevel3                          functab      0000
intlevel4                          functab      0000
intlevel5                          functab      0000
reset_vec                          reset_vec    0000
sound@gate1                        cstackCOMMON 0076
start                              init         0039
start_initialization               cinit        003B
wtemp0                             (abs)        007E


FUNCTION INFORMATION:

 *************** function _main *****************
 Defined at:
		line 80 in file "main.c"
 Parameters:    Size  Location     Type
		None
 Auto vars:     Size  Location     Type
		None
 Return value:  Size  Location     Type
                  1    wreg      void 
 Registers used:
		wreg, status,2, status,0, pclath, cstack
 Tracked objects:
		On entry : 
		On exit  : 
		Unchanged: 
 Data sizes:     COMMON   BANK0   BANK1   BANK2   BANK3   BANK4   BANK5   BANK6   BANK7   BANK8   BANK9  BANK10  BANK11  BANK12
      Params:         0       0       0       0       0       0       0       0       0       0       0       0       0       0
      Locals:         0       0       0       0       0       0       0       0       0       0       0       0       0       0
      Temps:          0       0       0       0       0       0       0       0       0       0       0       0       0       0
      Totals:         0       0       0       0       0       0       0       0       0       0       0       0       0       0
Total ram usage:        0 bytes
 Hardware stack levels required when called:    4
 This function calls:
		_Enable_INT
		_Init
		_Pull_Up
 This function is called by:
		Startup code after reset
 This function uses a non-reentrant model


 *************** function _Pull_Up *****************
 Defined at:
		line 146 in file "main.c"
 Parameters:    Size  Location     Type
		None
 Auto vars:     Size  Location     Type
		None
 Return value:  Size  Location     Type
                  1    wreg      void 
 Registers used:
		None
 Tracked objects:
		On entry : 
		On exit  : 
		Unchanged: 
 Data sizes:     COMMON   BANK0   BANK1   BANK2   BANK3   BANK4   BANK5   BANK6   BANK7   BANK8   BANK9  BANK10  BANK11  BANK12
      Params:         0       0       0       0       0       0       0       0       0       0       0       0       0       0
      Locals:         0       0       0       0       0       0       0       0       0       0       0       0       0       0
      Temps:          0       0       0       0       0       0       0       0       0       0       0       0       0       0
      Totals:         0       0       0       0       0       0       0       0       0       0       0       0       0       0
Total ram usage:        0 bytes
 Hardware stack levels used:    1
 Hardware stack levels required when called:    3
 This function calls:
		Nothing
 This function is called by:
		_main
 This function uses a non-reentrant model


 *************** function _Init *****************
 Defined at:
		line 116 in file "main.c"
 Parameters:    Size  Location     Type
		None
 Auto vars:     Size  Location     Type
		None
 Return value:  Size  Location     Type
                  1    wreg      void 
 Registers used:
		wreg, status,2
 Tracked objects:
		On entry : 
		On exit  : 
		Unchanged: 
 Data sizes:     COMMON   BANK0   BANK1   BANK2   BANK3   BANK4   BANK5   BANK6   BANK7   BANK8   BANK9  BANK10  BANK11  BANK12
      Params:         0       0       0       0       0       0       0       0       0       0       0       0       0       0
      Locals:         0       0       0       0       0       0       0       0       0       0       0       0       0       0
      Temps:          0       0       0       0       0       0       0       0       0       0       0       0       0       0
      Totals:         0       0       0       0       0       0       0       0       0       0       0       0       0       0
Total ram usage:        0 bytes
 Hardware stack levels used:    1
 Hardware stack levels required when called:    3
 This function calls:
		Nothing
 This function is called by:
		_main
 This function uses a non-reentrant model


 *************** function _Enable_INT *****************
 Defined at:
		line 134 in file "main.c"
 Parameters:    Size  Location     Type
		None
 Auto vars:     Size  Location     Type
		None
 Return value:  Size  Location     Type
                  1    wreg      void 
 Registers used:
		status,2
 Tracked objects:
		On entry : 
		On exit  : 
		Unchanged: 
 Data sizes:     COMMON   BANK0   BANK1   BANK2   BANK3   BANK4   BANK5   BANK6   BANK7   BANK8   BANK9  BANK10  BANK11  BANK12
      Params:         0       0       0       0       0       0       0       0       0       0       0       0       0       0
      Locals:         0       0       0       0       0       0       0       0       0       0       0       0       0       0
      Temps:          0       0       0       0       0       0       0       0       0       0       0       0       0       0
      Totals:         0       0       0       0       0       0       0       0       0       0       0       0       0       0
Total ram usage:        0 bytes
 Hardware stack levels used:    1
 Hardware stack levels required when called:    3
 This function calls:
		Nothing
 This function is called by:
		_main
 This function uses a non-reentrant model


 *************** function _irs_routine *****************
 Defined at:
		line 29 in file "main.c"
 Parameters:    Size  Location     Type
		None
 Auto vars:     Size  Location     Type
		None
 Return value:  Size  Location     Type
                  1    wreg      void 
 Registers used:
		wreg, fsr1l, fsr1h, status,2, status,0, pclath, cstack
 Tracked objects:
		On entry : 
		On exit  : 
		Unchanged: 
 Data sizes:     COMMON   BANK0   BANK1   BANK2   BANK3   BANK4   BANK5   BANK6   BANK7   BANK8   BANK9  BANK10  BANK11  BANK12
      Params:         0       0       0       0       0       0       0       0       0       0       0       0       0       0
      Locals:         0       0       0       0       0       0       0       0       0       0       0       0       0       0
      Temps:          0       0       0       0       0       0       0       0       0       0       0       0       0       0
      Totals:         0       0       0       0       0       0       0       0       0       0       0       0       0       0
Total ram usage:        0 bytes
 Hardware stack levels used:    1
 Hardware stack levels required when called:    2
 This function calls:
		_i2c_isr
		_sound
 This function is called by:
		Interrupt level 1
 This function uses a non-reentrant model


 *************** function _sound *****************
 Defined at:
		line 50 in file "main.c"
 Parameters:    Size  Location     Type
  gate1           2    6[COMMON] int 
 Auto vars:     Size  Location     Type
		None
 Return value:  Size  Location     Type
                  1    wreg      void 
 Registers used:
		wreg, status,2, status,0, pclath, cstack
 Tracked objects:
		On entry : 
		On exit  : 
		Unchanged: 
 Data sizes:     COMMON   BANK0   BANK1   BANK2   BANK3   BANK4   BANK5   BANK6   BANK7   BANK8   BANK9  BANK10  BANK11  BANK12
      Params:         2       0       0       0       0       0       0       0       0       0       0       0       0       0
      Locals:         0       0       0       0       0       0       0       0       0       0       0       0       0       0
      Temps:          0       0       0       0       0       0       0       0       0       0       0       0       0       0
      Totals:         2       0       0       0       0       0       0       0       0       0       0       0       0       0
Total ram usage:        2 bytes
 Hardware stack levels used:    1
 Hardware stack levels required when called:    1
 This function calls:
		___lwmod
 This function is called by:
		_irs_routine
 This function uses a non-reentrant model


 *************** function ___lwmod *****************
 Defined at:
		line 5 in file "C:\Program Files (x86)\Microchip\xc8\v2.10\pic\sources\c90\common\lwmod.c"
 Parameters:    Size  Location     Type
  divisor         2    0[COMMON] unsigned int 
  dividend        2    2[COMMON] unsigned int 
 Auto vars:     Size  Location     Type
  counter         1    5[COMMON] unsigned char 
 Return value:  Size  Location     Type
                  2    0[COMMON] unsigned int 
 Registers used:
		wreg, status,2, status,0
 Tracked objects:
		On entry : 
		On exit  : 
		Unchanged: 
 Data sizes:     COMMON   BANK0   BANK1   BANK2   BANK3   BANK4   BANK5   BANK6   BANK7   BANK8   BANK9  BANK10  BANK11  BANK12
      Params:         4       0       0       0       0       0       0       0       0       0       0       0       0       0
      Locals:         1       0       0       0       0       0       0       0       0       0       0       0       0       0
      Temps:          1       0       0       0       0       0       0       0       0       0       0       0       0       0
      Totals:         6       0       0       0       0       0       0       0       0       0       0       0       0       0
Total ram usage:        6 bytes
 Hardware stack levels used:    1
 This function calls:
		Nothing
 This function is called by:
		_sound
 This function uses a non-reentrant model


 *************** function _i2c_isr *****************
 Defined at:
		line 63 in file "main.c"
 Parameters:    Size  Location     Type
		None
 Auto vars:     Size  Location     Type
  data            1    0        unsigned char 
 Return value:  Size  Location     Type
                  1    wreg      void 
 Registers used:
		wreg, fsr1l, fsr1h, status,2, status,0, pclath, cstack
 Tracked objects:
		On entry : 
		On exit  : 
		Unchanged: 
 Data sizes:     COMMON   BANK0   BANK1   BANK2   BANK3   BANK4   BANK5   BANK6   BANK7   BANK8   BANK9  BANK10  BANK11  BANK12
      Params:         0       0       0       0       0       0       0       0       0       0       0       0       0       0
      Locals:         1       0       0       0       0       0       0       0       0       0       0       0       0       0
      Temps:          1       0       0       0       0       0       0       0       0       0       0       0       0       0
      Totals:         2       0       0       0       0       0       0       0       0       0       0       0       0       0
Total ram usage:        2 bytes
 Hardware stack levels used:    1
 Hardware stack levels required when called:    1
 This function calls:
		_iicPeripheralInterruptRx
		_iicPeripheralInterruptTx
 This function is called by:
		_irs_routine
 This function uses a non-reentrant model


 *************** function _iicPeripheralInterruptTx *****************
 Defined at:
		line 5 in file "i2c_peripheral.c"
 Parameters:    Size  Location     Type
  data            2    0[COMMON] PTR unsigned char 
		 -> RAM(4096), 
  size            1    2[COMMON] unsigned char 
 Auto vars:     Size  Location     Type
  i               1    7[COMMON] unsigned char 
  tmp             1    0        unsigned char 
 Return value:  Size  Location     Type
                  1    wreg      void 
 Registers used:
		wreg, fsr1l, fsr1h, status,2, status,0
 Tracked objects:
		On entry : 
		On exit  : 
		Unchanged: 
 Data sizes:     COMMON   BANK0   BANK1   BANK2   BANK3   BANK4   BANK5   BANK6   BANK7   BANK8   BANK9  BANK10  BANK11  BANK12
      Params:         3       0       0       0       0       0       0       0       0       0       0       0       0       0
      Locals:         2       0       0       0       0       0       0       0       0       0       0       0       0       0
      Temps:          3       0       0       0       0       0       0       0       0       0       0       0       0       0
      Totals:         8       0       0       0       0       0       0       0       0       0       0       0       0       0
Total ram usage:        8 bytes
 Hardware stack levels used:    1
 This function calls:
		Nothing
 This function is called by:
		_i2c_isr
 This function uses a non-reentrant model


 *************** function _iicPeripheralInterruptRx *****************
 Defined at:
		line 35 in file "i2c_peripheral.c"
 Parameters:    Size  Location     Type
		None
 Auto vars:     Size  Location     Type
  data            1    2[COMMON] unsigned char 
  tmp             1    0        unsigned char 
 Return value:  Size  Location     Type
                  1    wreg      unsigned char 
 Registers used:
		wreg, status,2
 Tracked objects:
		On entry : 
		On exit  : 
		Unchanged: 
 Data sizes:     COMMON   BANK0   BANK1   BANK2   BANK3   BANK4   BANK5   BANK6   BANK7   BANK8   BANK9  BANK10  BANK11  BANK12
      Params:         0       0       0       0       0       0       0       0       0       0       0       0       0       0
      Locals:         2       0       0       0       0       0       0       0       0       0       0       0       0       0
      Temps:          1       0       0       0       0       0       0       0       0       0       0       0       0       0
      Totals:         3       0       0       0       0       0       0       0       0       0       0       0       0       0
Total ram usage:        3 bytes
 Hardware stack levels used:    1
 This function calls:
		Nothing
 This function is called by:
		_i2c_isr
 This function uses a non-reentrant model



MODULE INFORMATION

Module		Function		Class		Link	Load	Size
i2c_peripheral.c
		_iicPeripheralInterruptTx		CODE           	0057	0000	82
		_iicPeripheralInterruptRx		CODE           	0144	0000	29

i2c_peripheral.c estimated size: 111

shared
		__initialization		CODE           	003B	0000	25

shared estimated size: 25

C:\Program Files (x86)\Microchip\xc8\v2.10\pic\sources\c90\common\lwmod.c
		___lwmod       		CODE           	00E7	0000	53

C:\Program Files (x86)\Microchip\xc8\v2.10\pic\sources\c90\common\lwmod.c estimated size: 53

main.c
		_Pull_Up       		CODE           	01AA	0000	4
		_irs_routine   		CODE           	0004	0000	54
		_main          		CODE           	0160	0000	26
		_sound         		CODE           	00A8	0000	64
		_Enable_INT    		CODE           	019C	0000	9
		_Init          		CODE           	018D	0000	16
		_i2c_isr       		CODE           	011B	0000	42

main.c estimated size: 215

