Microchip MPLAB XC8 Compiler V2.10 ()

Linker command line:

-W-3 --edf=C:\Program Files (x86)\Microchip\xc8\v2.10\pic\dat\en_msgs.txt \
  -cs -h+dist/default/production\face_18855.X.production.sym \
  --cmf=dist/default/production\face_18855.X.production.cmf -z -Q16F18854 \
  -oC:\Users\Zhiyu\AppData\Local\Temp\sfjg.2 --defsym=__MPLAB_BUILD=1 \
  -Mdist/default/production/face_18855.X.production.map -E1 -ver=XC8 \
  --acfsm=1493 -ASTACK=0201Dh-021EFh -pstack=STACK -ACODE=00h-07FFhx2 \
  -ASTRCODE=00h-0FFFh -ASTRING=00h-0FFhx16 -ACONST=00h-0FFhx16 \
  -AENTRY=00h-0FFhx16 -ACOMMON=070h-07Fh -ABANK0=020h-06Fh \
  -ABANK1=0A0h-0EFh -ABANK2=0120h-016Fh -ABANK3=01A0h-01EFh \
  -ABANK4=0220h-026Fh -ABANK5=02A0h-02EFh -ABANK6=0320h-032Fh \
  -ABIGRAM=02000h-021EFh \
  -ARAM=020h-06Fh,0A0h-0EFh,0120h-016Fh,01A0h-01EFh,0220h-026Fh,02A0h-02EFh,0320h-032Fh \
  -AABS1=020h-07Fh,0A0h-0EFh,0120h-016Fh,01A0h-01EFh,0220h-026Fh,02A0h-02EFh,0320h-032Fh \
  -ASFR0=00h-01Fh -ASFR1=080h-09Fh -ASFR2=0100h-011Fh -ASFR3=0180h-019Fh \
  -ASFR4=0200h-021Fh -ASFR5=0280h-029Fh -ASFR6=0300h-031Fh \
  -ASFR7=0380h-03EFh -ASFR8=0400h-046Fh -ASFR9=0480h-04EFh \
  -ASFR10=0500h-056Fh -ASFR11=0580h-05EFh -ASFR12=0600h-066Fh \
  -ASFR13=0680h-06EFh -ASFR14=0700h-076Fh -ASFR15=0780h-07EFh \
  -ASFR16=0800h-086Fh -ASFR17=0880h-08EFh -ASFR18=0900h-096Fh \
  -ASFR19=0980h-09EFh -ASFR20=0A00h-0A6Fh -ASFR21=0A80h-0AEFh \
  -ASFR22=0B00h-0B6Fh -ASFR23=0B80h-0BEFh -ASFR24=0C00h-0C6Fh \
  -ASFR25=0C80h-0CEFh -ASFR26=0D00h-0D6Fh -ASFR27=0D80h-0DEFh \
  -ASFR28=0E00h-0E6Fh -ASFR29=0E80h-0EEFh -ASFR30=0F00h-0F6Fh \
  -ASFR31=0F80h-0FEFh -preset_vec=00h,intentry,init,end_init -ppowerup=CODE \
  -pcinit=CODE -pfunctab=ENTRY -ACONFIG=08007h-0800Bh -pconfig=CONFIG \
  -DCONFIG=2 -AIDLOC=08000h-08003h -pidloc=IDLOC -DIDLOC=2 \
  -AEEDATA=00h-0FFh/0F000h -peeprom_data=EEDATA -DEEDATA=2 -DCODE=2 \
  -DSTRCODE=2 -DSTRING=2 -DCONST=2 -DENTRY=2 -k \
  C:\Users\Zhiyu\AppData\Local\Temp\sfjg.o \
  dist/default/production\face_18855.X.production.o 

Object code version is 3.11

Machine type is 16F18854



                Name                               Link     Load   Length Selector   Space Scale
C:\Users\Zhiyu\AppData\Local\Temp\sfjg.o
                end_init                              2        2        2        0       0
                reset_vec                             0        0        2        0       0
                config                             8007     8007        3    1000E       0
dist/default/production\face_18855.X.production.o
                cinit                               7F1      7F1        F      FE2       0
                text14                              595      595        8      B2A       0
                text13                              62D      62D       1A      C5A       0
                text12                              5E4      5E4       17      BC8       0
                text11                              5C4      5C4       10      B88       0
                text10                              5A5      5A5        9      B4A       0
                text9                               5AE      5AE        A      B5C       0
                text8                               680      680       1F      D00       0
                text7                               69F      69F       29      D3E       0
                text6                               6C8      6C8      129      D90       0
                text5                               5FB      5FB       19      BF6       0
                text4                               662      662       1E      CC4       0
                text3                               5B8      5B8        C      B70       0
                text2                               59D      59D        8      B3A       0
                text1                               614      614       19      C28       0
                maintext                            647      647       1B      C8E       0
                cstackBANK0                          30       30        D       20       1
                cstackCOMMON                         70       70        E       70       1
                inittext                            58F      58F        6      B1E       0
                dataBANK0                            20       20       10       20       1
                idataBANK0                          5D4      5D4       10      BA8       0

TOTAL           Name                               Link     Load   Length     Space
        CLASS   STACK          

        CLASS   CODE           
                end_init                              2        2        2         0
                cinit                               7F1      7F1        F         0
                reset_vec                             0        0        2         0
                text14                              595      595        8         0
                text13                              62D      62D       1A         0
                text12                              5E4      5E4       17         0
                text11                              5C4      5C4       10         0
                text10                              5A5      5A5        9         0
                text9                               5AE      5AE        A         0
                text8                               680      680       1F         0
                text7                               69F      69F       29         0
                text6                               6C8      6C8      129         0
                text5                               5FB      5FB       19         0
                text4                               662      662       1E         0
                text3                               5B8      5B8        C         0
                text2                               59D      59D        8         0
                text1                               614      614       19         0
                maintext                            647      647       1B         0
                inittext                            58F      58F        6         0
                idataBANK0                          5D4      5D4       10         0

        CLASS   STRCODE        

        CLASS   STRING         

        CLASS   CONST          

        CLASS   ENTRY          

        CLASS   COMMON         
                cstackCOMMON                         70       70        E         1

        CLASS   BANK0          
                cstackBANK0                          30       30        D         1
                dataBANK0                            20       20       10         1

        CLASS   BANK1          

        CLASS   BANK2          

        CLASS   BANK3          

        CLASS   BANK4          

        CLASS   BANK5          

        CLASS   BANK6          

        CLASS   BIGRAM         

        CLASS   RAM            

        CLASS   ABS1           
                abs_s1                               7E       7E        2         1

        CLASS   SFR0           

        CLASS   SFR1           

        CLASS   SFR2           

        CLASS   SFR3           

        CLASS   SFR4           

        CLASS   SFR5           

        CLASS   SFR6           

        CLASS   SFR7           

        CLASS   SFR8           

        CLASS   SFR9           

        CLASS   SFR10          

        CLASS   SFR11          

        CLASS   SFR12          

        CLASS   SFR13          

        CLASS   SFR14          

        CLASS   SFR15          

        CLASS   SFR16          

        CLASS   SFR17          

        CLASS   SFR18          

        CLASS   SFR19          

        CLASS   SFR20          

        CLASS   SFR21          

        CLASS   SFR22          

        CLASS   SFR23          

        CLASS   SFR24          

        CLASS   SFR25          

        CLASS   SFR26          

        CLASS   SFR27          

        CLASS   SFR28          

        CLASS   SFR29          

        CLASS   SFR30          

        CLASS   SFR31          

        CLASS   CONFIG         
                config                             8007     8007        3         0

        CLASS   IDLOC          

        CLASS   EEDATA         

        CLASS   BANK31         

        CLASS   BANK30         

        CLASS   BANK29         

        CLASS   BANK28         

        CLASS   BANK27         

        CLASS   BANK26         

        CLASS   BANK25         

        CLASS   BANK24         

        CLASS   BANK23         

        CLASS   BANK22         

        CLASS   BANK21         

        CLASS   BANK20         

        CLASS   BANK19         

        CLASS   BANK18         

        CLASS   BANK17         

        CLASS   BANK16         

        CLASS   BANK15         

        CLASS   BANK14         

        CLASS   BANK13         

        CLASS   BANK12         

        CLASS   BANK11         

        CLASS   BANK10         

        CLASS   BANK9          

        CLASS   BANK8          

        CLASS   BANK7          



SEGMENTS        Name                           Load    Length   Top    Selector   Space  Class     Delta

                reset_vec                      000000  000004  000004         0       0  CODE        2
                dataBANK0                      000020  00001D  00003D        20       1  BANK0       1
                cstackCOMMON                   000070  00000E  00007E        70       1  COMMON      1
                inittext                       00058F  000006  000595       B1E       0  CODE        2
                text14                         000595  000008  00059D       B2A       0  CODE        2
                text2                          00059D  000008  0005A5       B3A       0  CODE        2
                text10                         0005A5  000009  0005AE       B4A       0  CODE        2
                text9                          0005AE  00000A  0005B8       B5C       0  CODE        2
                text3                          0005B8  00000C  0005C4       B70       0  CODE        2
                text11                         0005C4  000010  0005D4       B88       0  CODE        2
                idataBANK0                     0005D4  000010  0005E4       BA8       0  CODE        2
                text12                         0005E4  000017  0005FB       BC8       0  CODE        2
                text5                          0005FB  000019  000614       BF6       0  CODE        2
                text1                          000614  000019  00062D       C28       0  CODE        2
                text13                         00062D  00001A  000647       C5A       0  CODE        2
                maintext                       000647  00001B  000662       C8E       0  CODE        2
                text4                          000662  00001E  000680       CC4       0  CODE        2
                text8                          000680  00001F  00069F       D00       0  CODE        2
                text7                          00069F  000029  0006C8       D3E       0  CODE        2
                text6                          0006C8  000129  0007F1       D90       0  CODE        2
                cinit                          0007F1  00000F  000800       FE2       0  CODE        2
                config                         008007  000003  00800A     1000E       0  CONFIG      2


UNUSED ADDRESS RANGES

        Name                Unused          Largest block    Delta
        BANK0            0003D-0006F              33           1
        BANK1            000A0-000EF              50           1
        BANK2            00120-0016F              50           1
        BANK3            001A0-001EF              50           1
        BANK4            00220-0026F              50           1
        BANK5            002A0-002EF              50           1
        BANK6            00320-0032F              10           1
        BIGRAM           02000-021EF             1F0           1
        CODE             00004-0058E             58B           2
                         00800-00FFF             800
        CONFIG           0800A-0800B               2           2
        CONST            00004-0058E             100           2
                         00800-00FFF             100
        EEDATA           0F000-0F0FF             100           2
        ENTRY            00004-0058E             100           2
                         00800-00FFF             100
        IDLOC            08000-08003               4           2
        RAM              0003D-0006F              33           1
                         000A0-000EF              50
                         00120-0016F              50
                         001A0-001EF              50
                         00220-0026F              50
                         002A0-002EF              50
                         00320-0032F              10
        SFR0             00000-0001F              20           1
        SFR1             00080-0009F              20           1
        SFR10            00500-0056F              70           1
        SFR11            00580-005EF              70           1
        SFR12            00600-0066F              70           1
        SFR13            00680-006EF              70           1
        SFR14            00700-0076F              70           1
        SFR15            00780-007EF              70           1
        SFR16            00800-0086F              70           1
        SFR17            00880-008EF              70           1
        SFR18            00900-0096F              70           1
        SFR19            00980-009EF              70           1
        SFR2             00100-0011F              20           1
        SFR20            00A00-00A6F              70           1
        SFR21            00A80-00AEF              70           1
        SFR22            00B00-00B6F              70           1
        SFR23            00B80-00BEF              70           1
        SFR24            00C00-00C6F              70           1
        SFR25            00C80-00CEF              70           1
        SFR26            00D00-00D6F              70           1
        SFR27            00D80-00DEF              70           1
        SFR28            00E00-00E6F              70           1
        SFR29            00E80-00EEF              70           1
        SFR3             00180-0019F              20           1
        SFR30            00F00-00F6F              70           1
        SFR31            00F80-00FEF              70           1
        SFR4             00200-0021F              20           1
        SFR5             00280-0029F              20           1
        SFR6             00300-0031F              20           1
        SFR7             00380-003EF              70           1
        SFR8             00400-0046F              70           1
        SFR9             00480-004EF              70           1
        STACK            0201D-021EF             1D3           1
        STRCODE          00004-0058E             58B           2
                         00800-00FFF             800
        STRING           00004-0058E             100           2
                         00800-00FFF             100

                                  Symbol Table

?___wmul                 cstackCOMMON 00070
_ANSELAbits              (abs)        00F38
_ANSELBbits              (abs)        00F43
_ANSELCbits              (abs)        00F4E
_BAUD1CONbits            (abs)        0011F
_CLC3CONbits             (abs)        00E24
_CLC3GLS0                (abs)        00E2A
_CLC3GLS1                (abs)        00E2B
_CLC3GLS2                (abs)        00E2C
_CLC3GLS3                (abs)        00E2D
_CLC3POLbits             (abs)        00E25
_CLC3SEL0bits            (abs)        00E26
_CLC3SEL1bits            (abs)        00E27
_CLC3SEL2bits            (abs)        00E28
_CLC3SEL3bits            (abs)        00E29
_CLCIN2PPS               (abs)        00EBD
_CLCIN3PPS               (abs)        00EBE
_CWG1AS0bits             (abs)        00612
_CWG1AS1bits             (abs)        00613
_CWG1CLKCONbits          (abs)        0060C
_CWG1CON0bits            (abs)        00610
_CWG1DBF                 (abs)        0060F
_CWG1DBR                 (abs)        0060E
_CWG1ISMbits             (abs)        0060D
_CWG1PPS                 (abs)        00EB1
_INTCONbits              (abs)        0000B
_INTPPS                  (abs)        00E90
_LATBbits                (abs)        00017
_OSCCON1bits             (abs)        0088D
_OSCFRQbits              (abs)        00893
_PIE0bits                (abs)        00716
_PIR3bits                (abs)        0070F
_PORTAbits               (abs)        0000C
_RB5PPS                  (abs)        00F1D
_RC0PPS                  (abs)        00F20
_RC1PPS                  (abs)        00F21
_RC1STAbits              (abs)        0011D
_RC2PPS                  (abs)        00F22
_RC3PPS                  (abs)        00F23
_SP1BRGH                 (abs)        0011C
_SP1BRGL                 (abs)        0011B
_TRISAbits               (abs)        00011
_TRISBbits               (abs)        00012
_TRISCbits               (abs)        00013
_TX1REG                  (abs)        0011A
_TX1STAbits              (abs)        0011E
_WPUAbits                (abs)        00F39
__CFG_RSTOSC$HFINT32     (abs)        00000
__CFG_WDTE$OFF           (abs)        00000
__Habs1                  abs1         00000
__Hbank0                 bank0        00000
__Hbank1                 bank1        00000
__Hbank10                bank10       00000
__Hbank11                bank11       00000
__Hbank12                bank12       00000
__Hbank13                bank13       00000
__Hbank14                bank14       00000
__Hbank15                bank15       00000
__Hbank16                bank16       00000
__Hbank17                bank17       00000
__Hbank18                bank18       00000
__Hbank19                bank19       00000
__Hbank2                 bank2        00000
__Hbank20                bank20       00000
__Hbank21                bank21       00000
__Hbank22                bank22       00000
__Hbank23                bank23       00000
__Hbank24                bank24       00000
__Hbank25                bank25       00000
__Hbank26                bank26       00000
__Hbank27                bank27       00000
__Hbank28                bank28       00000
__Hbank29                bank29       00000
__Hbank3                 bank3        00000
__Hbank30                bank30       00000
__Hbank31                bank31       00000
__Hbank4                 bank4        00000
__Hbank5                 bank5        00000
__Hbank6                 bank6        00000
__Hbank7                 bank7        00000
__Hbank8                 bank8        00000
__Hbank9                 bank9        00000
__Hbigram                bigram       00000
__Hcinit                 cinit        00800
__Hclrtext               clrtext      00000
__Hcode                  code         00000
__Hcommon                common       00000
__Hconfig                config       0800A
__HcstackBANK0           cstackBANK0  00000
__HcstackCOMMON          cstackCOMMON 00000
__HdataBANK0             dataBANK0    00000
__Heeprom_data           eeprom_data  00000
__Hend_init              end_init     00004
__Hfunctab               functab      00000
__HidataBANK0            idataBANK0   00000
__Hidloc                 idloc        00000
__Hinit                  init         00002
__Hinittext              inittext     00000
__Hintentry              intentry     00002
__Hmaintext              maintext     00000
__Hpowerup               powerup      00000
__Hram                   ram          00000
__Hreset_vec             reset_vec    00002
__Hsfr0                  sfr0         00000
__Hsfr1                  sfr1         00000
__Hsfr10                 sfr10        00000
__Hsfr11                 sfr11        00000
__Hsfr12                 sfr12        00000
__Hsfr13                 sfr13        00000
__Hsfr14                 sfr14        00000
__Hsfr15                 sfr15        00000
__Hsfr16                 sfr16        00000
__Hsfr17                 sfr17        00000
__Hsfr18                 sfr18        00000
__Hsfr19                 sfr19        00000
__Hsfr2                  sfr2         00000
__Hsfr20                 sfr20        00000
__Hsfr21                 sfr21        00000
__Hsfr22                 sfr22        00000
__Hsfr23                 sfr23        00000
__Hsfr24                 sfr24        00000
__Hsfr25                 sfr25        00000
__Hsfr26                 sfr26        00000
__Hsfr27                 sfr27        00000
__Hsfr28                 sfr28        00000
__Hsfr29                 sfr29        00000
__Hsfr3                  sfr3         00000
__Hsfr30                 sfr30        00000
__Hsfr31                 sfr31        00000
__Hsfr4                  sfr4         00000
__Hsfr5                  sfr5         00000
__Hsfr6                  sfr6         00000
__Hsfr7                  sfr7         00000
__Hsfr8                  sfr8         00000
__Hsfr9                  sfr9         00000
__Hspace_0               (abs)        0800A
__Hspace_1               (abs)        0007E
__Hspace_2               (abs)        00000
__Hspace_3               (abs)        00000
__Hstack                 stack        00000
__Hstrings               strings      00000
__Htext                  text         00000
__Labs1                  abs1         00000
__Lbank0                 bank0        00000
__Lbank1                 bank1        00000
__Lbank10                bank10       00000
__Lbank11                bank11       00000
__Lbank12                bank12       00000
__Lbank13                bank13       00000
__Lbank14                bank14       00000
__Lbank15                bank15       00000
__Lbank16                bank16       00000
__Lbank17                bank17       00000
__Lbank18                bank18       00000
__Lbank19                bank19       00000
__Lbank2                 bank2        00000
__Lbank20                bank20       00000
__Lbank21                bank21       00000
__Lbank22                bank22       00000
__Lbank23                bank23       00000
__Lbank24                bank24       00000
__Lbank25                bank25       00000
__Lbank26                bank26       00000
__Lbank27                bank27       00000
__Lbank28                bank28       00000
__Lbank29                bank29       00000
__Lbank3                 bank3        00000
__Lbank30                bank30       00000
__Lbank31                bank31       00000
__Lbank4                 bank4        00000
__Lbank5                 bank5        00000
__Lbank6                 bank6        00000
__Lbank7                 bank7        00000
__Lbank8                 bank8        00000
__Lbank9                 bank9        00000
__Lbigram                bigram       00000
__Lcinit                 cinit        007F1
__Lclrtext               clrtext      00000
__Lcode                  code         00000
__Lcommon                common       00000
__Lconfig                config       08007
__LcstackBANK0           cstackBANK0  00000
__LcstackCOMMON          cstackCOMMON 00000
__LdataBANK0             dataBANK0    00000
__Leeprom_data           eeprom_data  00000
__Lend_init              end_init     00002
__Lfunctab               functab      00000
__LidataBANK0            idataBANK0   00000
__Lidloc                 idloc        00000
__Linit                  init         00002
__Linittext              inittext     00000
__Lintentry              intentry     00002
__Lmaintext              maintext     00000
__Lpowerup               powerup      00000
__Lram                   ram          00000
__Lreset_vec             reset_vec    00000
__Lsfr0                  sfr0         00000
__Lsfr1                  sfr1         00000
__Lsfr10                 sfr10        00000
__Lsfr11                 sfr11        00000
__Lsfr12                 sfr12        00000
__Lsfr13                 sfr13        00000
__Lsfr14                 sfr14        00000
__Lsfr15                 sfr15        00000
__Lsfr16                 sfr16        00000
__Lsfr17                 sfr17        00000
__Lsfr18                 sfr18        00000
__Lsfr19                 sfr19        00000
__Lsfr2                  sfr2         00000
__Lsfr20                 sfr20        00000
__Lsfr21                 sfr21        00000
__Lsfr22                 sfr22        00000
__Lsfr23                 sfr23        00000
__Lsfr24                 sfr24        00000
__Lsfr25                 sfr25        00000
__Lsfr26                 sfr26        00000
__Lsfr27                 sfr27        00000
__Lsfr28                 sfr28        00000
__Lsfr29                 sfr29        00000
__Lsfr3                  sfr3         00000
__Lsfr30                 sfr30        00000
__Lsfr31                 sfr31        00000
__Lsfr4                  sfr4         00000
__Lsfr5                  sfr5         00000
__Lsfr6                  sfr6         00000
__Lsfr7                  sfr7         00000
__Lsfr8                  sfr8         00000
__Lsfr9                  sfr9         00000
__Lspace_0               (abs)        00000
__Lspace_1               (abs)        00000
__Lspace_2               (abs)        00000
__Lspace_3               (abs)        00000
__Lstack                 stack        00000
__Lstrings               strings      00000
__Ltext                  text         00000
__S0                     (abs)        0800A
__S1                     (abs)        0007E
__S2                     (abs)        00000
__S3                     (abs)        00000
___int_sp                stack        00000
___latbits               (abs)        00001
___sp                    stack        00000
___stackhi               (abs)        021EF
___stacklo               (abs)        0201D
___wmul                  text8        00680
___wmul@multiplicand     cstackCOMMON 00072
___wmul@multiplier       cstackCOMMON 00070
___wmul@product          cstackCOMMON 00074
__end_of___wmul          text8        0069F
__end_of__initialization cinit        007FD
__end_of_delay           text12       005FB
__end_of_disable_out     text11       005D4
__end_of_enable_out      text10       005AE
__end_of_init_oc         text14       0059D
__end_of_init_port       text13       00647
__end_of_lightup         text6        007F1
__end_of_main            maintext     00662
__end_of_out_reset       text9        005B8
__end_of_set_clc         text5        00614
__end_of_set_cwg         text4        00680
__end_of_set_eusart      text3        005C4
__end_of_set_interrupt   text2        005A5
__end_of_set_pps         text1        0062D
__end_of_turn_off_all    text7        006C8
__initialization         cinit        007F1
__pcstackBANK0           cstackBANK0  00030
__pcstackCOMMON          cstackCOMMON 00070
__pdataBANK0             dataBANK0    00020
__pidataBANK0            idataBANK0   005D4
__pmaintext              maintext     00647
__ptext1                 text1        00614
__ptext10                text10       005A5
__ptext11                text11       005C4
__ptext12                text12       005E4
__ptext13                text13       0062D
__ptext14                text14       00595
__ptext2                 text2        0059D
__ptext3                 text3        005B8
__ptext4                 text4        00662
__ptext5                 text5        005FB
__ptext6                 text6        006C8
__ptext7                 text7        0069F
__ptext8                 text8        00680
__ptext9                 text9        005AE
__size_of___wmul         (abs)        00000
__size_of_delay          (abs)        00000
__size_of_disable_out    (abs)        00000
__size_of_enable_out     (abs)        00000
__size_of_init_oc        (abs)        00000
__size_of_init_port      (abs)        00000
__size_of_lightup        (abs)        00000
__size_of_main           (abs)        00000
__size_of_out_reset      (abs)        00000
__size_of_set_clc        (abs)        00000
__size_of_set_cwg        (abs)        00000
__size_of_set_eusart     (abs)        00000
__size_of_set_interrupt  (abs)        00000
__size_of_set_pps        (abs)        00000
__size_of_turn_off_all   (abs)        00000
_delay                   text12       005E4
_disable_out             text11       005C4
_enable_out              text10       005A5
_init_oc                 text14       00595
_init_port               text13       0062D
_led_arr                 dataBANK0    00020
_lightup                 text6        006C8
_main                    maintext     00647
_out_reset               text9        005AE
_set_clc                 text5        005FB
_set_cwg                 text4        00662
_set_eusart              text3        005B8
_set_interrupt           text2        0059D
_set_pps                 text1        00614
_turn_off_all            text7        0069F
btemp                    (abs)        0007E
delay@delay_time         cstackCOMMON 00070
delay@i                  cstackCOMMON 00073
end_of_initialization    cinit        007FD
init_ram                 inittext     0058F
intlevel0                functab      00000
intlevel1                functab      00000
intlevel2                functab      00000
intlevel3                functab      00000
intlevel4                functab      00000
intlevel5                functab      00000
lightup@B                cstackBANK0  00034
lightup@G                cstackBANK0  00032
lightup@R                cstackBANK0  00030
lightup@i                cstackBANK0  00036
lightup@led_addr         cstackBANK0  00038
lightup@led_val          cstackBANK0  0003A
lightup@status           cstackBANK0  0003B
reset_vec                reset_vec    00000
start                    init         00002
start_initialization     cinit        007F1
turn_off_all@i           cstackCOMMON 00079
turn_off_all@num         cstackCOMMON 00076
wtemp0                   (abs)        0007E


FUNCTION INFORMATION:

 *************** function _main *****************
 Defined at:
		line 60 in file "main.c"
 Parameters:    Size  Location     Type
		None
 Auto vars:     Size  Location     Type
		None
 Return value:  Size  Location     Type
                  1    wreg      void 
 Registers used:
		wreg, fsr1l, fsr1h, status,2, status,0, pclath, cstack
 Tracked objects:
		On entry : 
		On exit  : 
		Unchanged: 
 Data sizes:     COMMON   BANK0   BANK1   BANK2   BANK3   BANK4   BANK5   BANK6
      Params:         0       0       0       0       0       0       0       0
      Locals:         0       0       0       0       0       0       0       0
      Temps:          0       0       0       0       0       0       0       0
      Totals:         0       0       0       0       0       0       0       0
Total ram usage:        0 bytes
 Hardware stack levels required when called:    3
 This function calls:
		_init_oc
		_init_port
		_lightup
		_set_clc
		_set_cwg
		_set_eusart
		_set_interrupt
		_set_pps
 This function is called by:
		Startup code after reset
 This function uses a non-reentrant model


 *************** function _set_pps *****************
 Defined at:
		line 195 in file "main.c"
 Parameters:    Size  Location     Type
		None
 Auto vars:     Size  Location     Type
		None
 Return value:  Size  Location     Type
                  1    wreg      void 
 Registers used:
		wreg
 Tracked objects:
		On entry : 
		On exit  : 
		Unchanged: 
 Data sizes:     COMMON   BANK0   BANK1   BANK2   BANK3   BANK4   BANK5   BANK6
      Params:         0       0       0       0       0       0       0       0
      Locals:         0       0       0       0       0       0       0       0
      Temps:          0       0       0       0       0       0       0       0
      Totals:         0       0       0       0       0       0       0       0
Total ram usage:        0 bytes
 Hardware stack levels used:    1
 This function calls:
		Nothing
 This function is called by:
		_main
 This function uses a non-reentrant model


 *************** function _set_interrupt *****************
 Defined at:
		line 139 in file "main.c"
 Parameters:    Size  Location     Type
		None
 Auto vars:     Size  Location     Type
		None
 Return value:  Size  Location     Type
                  1    wreg      void 
 Registers used:
		status,2
 Tracked objects:
		On entry : 
		On exit  : 
		Unchanged: 
 Data sizes:     COMMON   BANK0   BANK1   BANK2   BANK3   BANK4   BANK5   BANK6
      Params:         0       0       0       0       0       0       0       0
      Locals:         0       0       0       0       0       0       0       0
      Temps:          0       0       0       0       0       0       0       0
      Totals:         0       0       0       0       0       0       0       0
Total ram usage:        0 bytes
 Hardware stack levels used:    1
 This function calls:
		Nothing
 This function is called by:
		_main
 This function uses a non-reentrant model


 *************** function _set_eusart *****************
 Defined at:
		line 178 in file "main.c"
 Parameters:    Size  Location     Type
		None
 Auto vars:     Size  Location     Type
		None
 Return value:  Size  Location     Type
                  1    wreg      void 
 Registers used:
		wreg, status,2
 Tracked objects:
		On entry : 
		On exit  : 
		Unchanged: 
 Data sizes:     COMMON   BANK0   BANK1   BANK2   BANK3   BANK4   BANK5   BANK6
      Params:         0       0       0       0       0       0       0       0
      Locals:         0       0       0       0       0       0       0       0
      Temps:          0       0       0       0       0       0       0       0
      Totals:         0       0       0       0       0       0       0       0
Total ram usage:        0 bytes
 Hardware stack levels used:    1
 This function calls:
		Nothing
 This function is called by:
		_main
 This function uses a non-reentrant model


 *************** function _set_cwg *****************
 Defined at:
		line 217 in file "main.c"
 Parameters:    Size  Location     Type
		None
 Auto vars:     Size  Location     Type
		None
 Return value:  Size  Location     Type
                  1    wreg      void 
 Registers used:
		wreg, status,2, status,0
 Tracked objects:
		On entry : 
		On exit  : 
		Unchanged: 
 Data sizes:     COMMON   BANK0   BANK1   BANK2   BANK3   BANK4   BANK5   BANK6
      Params:         0       0       0       0       0       0       0       0
      Locals:         0       0       0       0       0       0       0       0
      Temps:          0       0       0       0       0       0       0       0
      Totals:         0       0       0       0       0       0       0       0
Total ram usage:        0 bytes
 Hardware stack levels used:    1
 This function calls:
		Nothing
 This function is called by:
		_main
 This function uses a non-reentrant model


 *************** function _set_clc *****************
 Defined at:
		line 243 in file "main.c"
 Parameters:    Size  Location     Type
		None
 Auto vars:     Size  Location     Type
		None
 Return value:  Size  Location     Type
                  1    wreg      void 
 Registers used:
		wreg, status,2, status,0
 Tracked objects:
		On entry : 
		On exit  : 
		Unchanged: 
 Data sizes:     COMMON   BANK0   BANK1   BANK2   BANK3   BANK4   BANK5   BANK6
      Params:         0       0       0       0       0       0       0       0
      Locals:         0       0       0       0       0       0       0       0
      Temps:          0       0       0       0       0       0       0       0
      Totals:         0       0       0       0       0       0       0       0
Total ram usage:        0 bytes
 Hardware stack levels used:    1
 This function calls:
		Nothing
 This function is called by:
		_main
 This function uses a non-reentrant model


 *************** function _lightup *****************
 Defined at:
		line 81 in file "main.c"
 Parameters:    Size  Location     Type
		None
 Auto vars:     Size  Location     Type
  B               2    4[BANK0 ] int 
  G               2    2[BANK0 ] int 
  R               2    0[BANK0 ] int 
  status          2   11[BANK0 ] int 
  led_addr        2    8[BANK0 ] int 
  i               2    6[BANK0 ] int 
  led_val         1   10[BANK0 ] unsigned char 
 Return value:  Size  Location     Type
                  1    wreg      void 
 Registers used:
		wreg, fsr1l, fsr1h, status,2, status,0, pclath, cstack
 Tracked objects:
		On entry : 
		On exit  : 
		Unchanged: 
 Data sizes:     COMMON   BANK0   BANK1   BANK2   BANK3   BANK4   BANK5   BANK6
      Params:         0       0       0       0       0       0       0       0
      Locals:         0      13       0       0       0       0       0       0
      Temps:          3       0       0       0       0       0       0       0
      Totals:         3      13       0       0       0       0       0       0
Total ram usage:       16 bytes
 Hardware stack levels used:    1
 Hardware stack levels required when called:    2
 This function calls:
		_disable_out
		_enable_out
		_out_reset
		_turn_off_all
 This function is called by:
		_main
 This function uses a non-reentrant model


 *************** function _turn_off_all *****************
 Defined at:
		line 303 in file "main.c"
 Parameters:    Size  Location     Type
  num             2    6[COMMON] int 
 Auto vars:     Size  Location     Type
  i               2    9[COMMON] int 
 Return value:  Size  Location     Type
                  1    wreg      void 
 Registers used:
		wreg, status,2, status,0, pclath, cstack
 Tracked objects:
		On entry : 
		On exit  : 
		Unchanged: 
 Data sizes:     COMMON   BANK0   BANK1   BANK2   BANK3   BANK4   BANK5   BANK6
      Params:         2       0       0       0       0       0       0       0
      Locals:         2       0       0       0       0       0       0       0
      Temps:          1       0       0       0       0       0       0       0
      Totals:         5       0       0       0       0       0       0       0
Total ram usage:        5 bytes
 Hardware stack levels used:    1
 Hardware stack levels required when called:    1
 This function calls:
		___wmul
 This function is called by:
		_lightup
 This function uses a non-reentrant model


 *************** function ___wmul *****************
 Defined at:
		line 15 in file "C:\Program Files (x86)\Microchip\xc8\v2.10\pic\sources\c99\common\Umul16.c"
 Parameters:    Size  Location     Type
  multiplier      2    0[COMMON] unsigned int 
  multiplicand    2    2[COMMON] unsigned int 
 Auto vars:     Size  Location     Type
  product         2    4[COMMON] unsigned int 
 Return value:  Size  Location     Type
                  2    0[COMMON] unsigned int 
 Registers used:
		wreg, status,2, status,0
 Tracked objects:
		On entry : 
		On exit  : 
		Unchanged: 
 Data sizes:     COMMON   BANK0   BANK1   BANK2   BANK3   BANK4   BANK5   BANK6
      Params:         4       0       0       0       0       0       0       0
      Locals:         2       0       0       0       0       0       0       0
      Temps:          0       0       0       0       0       0       0       0
      Totals:         6       0       0       0       0       0       0       0
Total ram usage:        6 bytes
 Hardware stack levels used:    1
 This function calls:
		Nothing
 This function is called by:
		_turn_off_all
 This function uses a non-reentrant model


 *************** function _out_reset *****************
 Defined at:
		line 298 in file "main.c"
 Parameters:    Size  Location     Type
		None
 Auto vars:     Size  Location     Type
		None
 Return value:  Size  Location     Type
                  1    wreg      void 
 Registers used:
		wreg, status,2, status,0, pclath, cstack
 Tracked objects:
		On entry : 
		On exit  : 
		Unchanged: 
 Data sizes:     COMMON   BANK0   BANK1   BANK2   BANK3   BANK4   BANK5   BANK6
      Params:         0       0       0       0       0       0       0       0
      Locals:         0       0       0       0       0       0       0       0
      Temps:          0       0       0       0       0       0       0       0
      Totals:         0       0       0       0       0       0       0       0
Total ram usage:        0 bytes
 Hardware stack levels used:    1
 Hardware stack levels required when called:    1
 This function calls:
		_delay
 This function is called by:
		_lightup
 This function uses a non-reentrant model


 *************** function _enable_out *****************
 Defined at:
		line 264 in file "main.c"
 Parameters:    Size  Location     Type
		None
 Auto vars:     Size  Location     Type
		None
 Return value:  Size  Location     Type
                  1    wreg      void 
 Registers used:
		None
 Tracked objects:
		On entry : 
		On exit  : 
		Unchanged: 
 Data sizes:     COMMON   BANK0   BANK1   BANK2   BANK3   BANK4   BANK5   BANK6
      Params:         0       0       0       0       0       0       0       0
      Locals:         0       0       0       0       0       0       0       0
      Temps:          0       0       0       0       0       0       0       0
      Totals:         0       0       0       0       0       0       0       0
Total ram usage:        0 bytes
 Hardware stack levels used:    1
 This function calls:
		Nothing
 This function is called by:
		_lightup
 This function uses a non-reentrant model


 *************** function _disable_out *****************
 Defined at:
		line 284 in file "main.c"
 Parameters:    Size  Location     Type
		None
 Auto vars:     Size  Location     Type
		None
 Return value:  Size  Location     Type
                  1    wreg      void 
 Registers used:
		wreg, status,2, status,0, pclath, cstack
 Tracked objects:
		On entry : 
		On exit  : 
		Unchanged: 
 Data sizes:     COMMON   BANK0   BANK1   BANK2   BANK3   BANK4   BANK5   BANK6
      Params:         0       0       0       0       0       0       0       0
      Locals:         0       0       0       0       0       0       0       0
      Temps:          0       0       0       0       0       0       0       0
      Totals:         0       0       0       0       0       0       0       0
Total ram usage:        0 bytes
 Hardware stack levels used:    1
 Hardware stack levels required when called:    1
 This function calls:
		_delay
 This function is called by:
		_lightup
 This function uses a non-reentrant model


 *************** function _delay *****************
 Defined at:
		line 277 in file "main.c"
 Parameters:    Size  Location     Type
  delay_time      2    0[COMMON] int 
 Auto vars:     Size  Location     Type
  i               2    3[COMMON] int 
 Return value:  Size  Location     Type
                  1    wreg      void 
 Registers used:
		wreg
 Tracked objects:
		On entry : 
		On exit  : 
		Unchanged: 
 Data sizes:     COMMON   BANK0   BANK1   BANK2   BANK3   BANK4   BANK5   BANK6
      Params:         2       0       0       0       0       0       0       0
      Locals:         2       0       0       0       0       0       0       0
      Temps:          1       0       0       0       0       0       0       0
      Totals:         5       0       0       0       0       0       0       0
Total ram usage:        5 bytes
 Hardware stack levels used:    1
 This function calls:
		Nothing
 This function is called by:
		_disable_out
		_out_reset
 This function uses a non-reentrant model


 *************** function _init_port *****************
 Defined at:
		line 156 in file "main.c"
 Parameters:    Size  Location     Type
		None
 Auto vars:     Size  Location     Type
		None
 Return value:  Size  Location     Type
                  1    wreg      void 
 Registers used:
		None
 Tracked objects:
		On entry : 
		On exit  : 
		Unchanged: 
 Data sizes:     COMMON   BANK0   BANK1   BANK2   BANK3   BANK4   BANK5   BANK6
      Params:         0       0       0       0       0       0       0       0
      Locals:         0       0       0       0       0       0       0       0
      Temps:          0       0       0       0       0       0       0       0
      Totals:         0       0       0       0       0       0       0       0
Total ram usage:        0 bytes
 Hardware stack levels used:    1
 This function calls:
		Nothing
 This function is called by:
		_main
 This function uses a non-reentrant model


 *************** function _init_oc *****************
 Defined at:
		line 133 in file "main.c"
 Parameters:    Size  Location     Type
		None
 Auto vars:     Size  Location     Type
		None
 Return value:  Size  Location     Type
                  1    wreg      void 
 Registers used:
		wreg, status,2, status,0
 Tracked objects:
		On entry : 
		On exit  : 
		Unchanged: 
 Data sizes:     COMMON   BANK0   BANK1   BANK2   BANK3   BANK4   BANK5   BANK6
      Params:         0       0       0       0       0       0       0       0
      Locals:         0       0       0       0       0       0       0       0
      Temps:          0       0       0       0       0       0       0       0
      Totals:         0       0       0       0       0       0       0       0
Total ram usage:        0 bytes
 Hardware stack levels used:    1
 This function calls:
		Nothing
 This function is called by:
		_main
 This function uses a non-reentrant model



MODULE INFORMATION

Module		Function		Class		Link	Load	Size
shared
		__initialization		CODE           	07F1	0000	13

shared estimated size: 13

C:\Program Files (x86)\Microchip\xc8\v2.10\pic\sources\c99\common\Umul16.c
		___wmul        		CODE           	0680	0000	32

C:\Program Files (x86)\Microchip\xc8\v2.10\pic\sources\c99\common\Umul16.c estimated size: 32

main.c
		_delay         		CODE           	05E4	0000	24
		_lightup       		CODE           	06C8	0000	298
		_disable_out   		CODE           	05C4	0000	17
		_init_port     		CODE           	062D	0000	27
		_main          		CODE           	0647	0000	28
		_set_eusart    		CODE           	05B8	0000	13
		_out_reset     		CODE           	05AE	0000	11
		_set_cwg       		CODE           	0662	0000	31
		_set_interrupt 		CODE           	059D	0000	9
		_set_pps       		CODE           	0614	0000	26
		_init_oc       		CODE           	0595	0000	9
		_enable_out    		CODE           	05A5	0000	10
		_set_clc       		CODE           	05FB	0000	26
		_turn_off_all  		CODE           	069F	0000	42

main.c estimated size: 571

